// Jest Snapshot v1, https://goo.gl/fbAQLP

exports[`ui/MessageSearchItem should do a snapshot test of the MessageSearchItem DOM 1`] = `
<DocumentFragment>
  <div
    class="example-text sendbird-message-search-item "
  >
    <div
      class="sendbird-message-search-item__left"
    >
      <div
        class="sendbird-message-search-item__left__sender-avatar sendbird-avatar"
        role="button"
        style="height: 56px; width: 56px; z-index: 0; left: 0px;"
        tabindex="0"
      >
        <div
          class="sendbird-avatar-img sendbird-image-renderer"
          style="width: 100%; min-width: min(400px, 56px); max-width: 400px;"
        >
          <div
            class="sendbird-image-renderer__image"
            style="width: 100%; min-width: min(400px, 56px); max-width: 400px; position: absolute; background-repeat: no-repeat; background-position: center; background-size: cover; background-image: url(https://static.sendbird.com/sample/profiles/profile_33_512px.png);"
          />
          <img
            alt="profile image"
            class="sendbird-image-renderer__hidden-image-loader"
            src="https://static.sendbird.com/sample/profiles/profile_33_512px.png"
          />
        </div>
      </div>
    </div>
    <div
      class="sendbird-message-search-item__right"
    >
      <span
        class="sendbird-message-search-item__right__sender-name sendbird-label sendbird-label--subtitle-2 sendbird-label--color-onbackground-1"
      >
        Sravan
      </span>
      <span
        class="sendbird-message-search-item__right__message-text sendbird-label sendbird-label--body-2 sendbird-label--color-onbackground-3"
      >
        Hello My name is SendBird.
      </span>
      <span
        class="sendbird-message-search-item__right__message-created-at sendbird-label sendbird-label--caption-3 sendbird-label--color-onbackground-2"
      >
        2020/1/23
      </span>
    </div>
    <div
      class="sendbird-message-search-item__right-footer"
    />
  </div>
</DocumentFragment>
`;
