// Jest Snapshot v1, https://goo.gl/fbAQLP

exports[`Message should do a snapshot test of the Message DOM 1`] = `
<div
  className=" sendbird-message sendbird-message--incoming"
>
  <div
    className="sendbird-user-message--incoming"
    style={
      Object {
        "paddingBottom": "8px",
        "paddingTop": "8px",
      }
    }
  >
    <div
      className="sendbird-user-message--inner"
    >
      <div
        className="sendbird-user-message--body"
      >
        <div
          className="sendbird-context-menu"
          style={
            Object {
              "display": "inline",
            }
          }
        >
          <div
            className="sendbird-user-message__avatar sendbird-avatar"
            onClick={[Function]}
            onKeyDown={[Function]}
            role="button"
            style={
              Object {
                "height": "28px",
                "width": "28px",
              }
            }
            tabIndex={0}
          >
            <div
              className="sendbird-avatar-img sendbird-image-renderer"
              style={
                Object {
                  "height": "28px",
                  "maxWidth": "400px",
                  "minWidth": "28px",
                  "width": "100%",
                }
              }
            >
              <div
                className="sendbird-image-renderer__image"
                style={
                  Object {
                    "backgroundImage": "url(https://static.sendbird.com/sample/profiles/profile_33_512px.png)",
                    "backgroundPosition": "center",
                    "backgroundRepeat": "no-repeat",
                    "backgroundSize": "cover",
                    "borderRadius": null,
                    "height": "28px",
                    "maxWidth": "400px",
                    "minWidth": "28px",
                    "position": "absolute",
                    "width": "100%",
                  }
                }
              />
              <img
                alt=""
                className="sendbird-image-renderer__hidden-image-loader"
                onError={[Function]}
                onLoad={[Function]}
                src="https://static.sendbird.com/sample/profiles/profile_33_512px.png"
              />
            </div>
          </div>
        </div>
        <span
          className="sendbird-user-message__sender-name sendbird-label sendbird-label--caption-2 sendbird-label--color-onbackground-2"
        >
          Sravan
        </span>
        <div
          className="sendbird-user-message__text-balloon"
        >
          <div
            className="sendbird-user-message__text-balloon__inner"
          >
            <div
              className="sendbird-user-message__text-balloon__inner__text-place"
            >
              <span
                className="sendbird-user-message__text-balloon__inner__text-place__text sendbird-label sendbird-label--body-1 sendbird-label--color-onbackground-1"
              >
                Hello My name is SendBird.
              </span>
            </div>
            <div
              className="sendbird-user-message__text-balloon__inner__emoji-reactions sendbird-emoji-reactions"
            >
              <div
                className="sendbird-emoji-reactions--inner"
              >
                <div
                  className="sendbird-emoji-reactions__emoji-reaction sendbird-tooltip-wrapper"
                  onBlur={[Function]}
                  onFocus={[Function]}
                  onMouseOut={[Function]}
                  onMouseOver={[Function]}
                >
                  <div
                    className="sendbird-tooltip-wrapper__children"
                  >
                    <div
                      className=" sendbird-reaction-badge--selected"
                      onClick={[Function]}
                      onKeyDown={[Function]}
                      role="button"
                      tabIndex={0}
                    >
                      <div
                        className="sendbird-reaction-badge__inner"
                      >
                        <div
                          className="sendbird-reaction-badge__inner__icon"
                        >
                          <div
                            className=" sendbird-image-renderer"
                            style={
                              Object {
                                "height": "20px",
                                "maxWidth": "400px",
                                "minWidth": "20px",
                                "width": "100%",
                              }
                            }
                          >
                            <div
                              className="sendbird-image-renderer__image"
                              style={
                                Object {
                                  "backgroundImage": "url(virtual-url-001)",
                                  "backgroundPosition": "center",
                                  "backgroundRepeat": "no-repeat",
                                  "backgroundSize": "cover",
                                  "borderRadius": "50%",
                                  "height": "20px",
                                  "maxWidth": "400px",
                                  "minWidth": "20px",
                                  "position": "absolute",
                                  "width": "100%",
                                }
                              }
                            />
                            <img
                              alt=""
                              className="sendbird-image-renderer__hidden-image-loader"
                              onError={[Function]}
                              onLoad={[Function]}
                              src="virtual-url-001"
                            />
                          </div>
                        </div>
                        <span
                          className="sendbird-reaction-badge__inner__count sendbird-label sendbird-label--caption-3 sendbird-label--color-onbackground-1"
                        >
                          3
                        </span>
                      </div>
                    </div>
                  </div>
                </div>
                <div
                  className="sendbird-emoji-reactions__emoji-reaction sendbird-tooltip-wrapper"
                  onBlur={[Function]}
                  onFocus={[Function]}
                  onMouseOut={[Function]}
                  onMouseOver={[Function]}
                >
                  <div
                    className="sendbird-tooltip-wrapper__children"
                  >
                    <div
                      className=" sendbird-reaction-badge"
                      onClick={[Function]}
                      onKeyDown={[Function]}
                      role="button"
                      tabIndex={0}
                    >
                      <div
                        className="sendbird-reaction-badge__inner"
                      >
                        <div
                          className="sendbird-reaction-badge__inner__icon"
                        >
                          <div
                            className=" sendbird-image-renderer"
                            style={
                              Object {
                                "height": "20px",
                                "maxWidth": "400px",
                                "minWidth": "20px",
                                "width": "100%",
                              }
                            }
                          >
                            <div
                              className="sendbird-image-renderer__image"
                              style={
                                Object {
                                  "backgroundImage": "url(virtual-url-002)",
                                  "backgroundPosition": "center",
                                  "backgroundRepeat": "no-repeat",
                                  "backgroundSize": "cover",
                                  "borderRadius": "50%",
                                  "height": "20px",
                                  "maxWidth": "400px",
                                  "minWidth": "20px",
                                  "position": "absolute",
                                  "width": "100%",
                                }
                              }
                            />
                            <img
                              alt=""
                              className="sendbird-image-renderer__hidden-image-loader"
                              onError={[Function]}
                              onLoad={[Function]}
                              src="virtual-url-002"
                            />
                          </div>
                        </div>
                        <span
                          className="sendbird-reaction-badge__inner__count sendbird-label sendbird-label--caption-3 sendbird-label--color-onbackground-1"
                        >
                          2
                        </span>
                      </div>
                    </div>
                  </div>
                </div>
                <div
                  className="sendbird-context-menu"
                  style={
                    Object {
                      "display": "inline",
                    }
                  }
                >
                  <div
                    className="sendbird-emoji-reactions__emoji-reaction-add sendbird-reaction-badge--is-add"
                    onClick={[Function]}
                    onKeyDown={[Function]}
                    role="button"
                    tabIndex={0}
                  >
                    <div
                      className="sendbird-reaction-badge__inner"
                    >
                      <div
                        className="sendbird-reaction-badge__inner__icon"
                      >
                        <div
                          className=" sendbird-icon sendbird-icon-color--on-background-3"
                          onClick={[Function]}
                          onKeyDown={[Function]}
                          role="button"
                          style={
                            Object {
                              "height": "20px",
                              "minHeight": "20px",
                              "minWidth": "20px",
                              "width": "20px",
                            }
                          }
                          tabIndex="0"
                        >
                          <test-file-stub />
                        </div>
                      </div>
                      <span
                        className=" sendbird-label sendbird-label--caption-3 sendbird-label--color-onbackground-1"
                      >
                        
                      </span>
                    </div>
                  </div>
                </div>
              </div>
            </div>
          </div>
        </div>
      </div>
      <div
        className="sendbird-user-message__right-padding"
      >
        <div
          className="sendbird-user-message__more"
          style={
            Object {
              "top": "22px",
            }
          }
        >
          <div
            className="sendbird-context-menu"
            style={
              Object {
                "display": "inline",
              }
            }
          >
            <button
              className=" sendbird-iconbutton "
              disabled={false}
              onBlur={[Function]}
              onClick={[Function]}
              style={
                Object {
                  "height": "32px",
                  "width": "32px",
                }
              }
              type="button"
            >
              <span
                className="sendbird-iconbutton__inner"
              >
                <div
                  className=" sendbird-icon sendbird-icon-color--content-inverse"
                  onClick={[Function]}
                  onKeyDown={[Function]}
                  role="button"
                  style={
                    Object {
                      "height": "24px",
                      "minHeight": "24px",
                      "minWidth": "24px",
                      "width": "24px",
                    }
                  }
                  tabIndex="0"
                >
                  <test-file-stub />
                </div>
              </span>
            </button>
          </div>
          <div
            className="sendbird-context-menu"
            style={
              Object {
                "display": "inline",
              }
            }
          >
            <button
              className=" sendbird-iconbutton "
              disabled={false}
              onBlur={[Function]}
              onClick={[Function]}
              style={
                Object {
                  "height": "32px",
                  "width": "32px",
                }
              }
              type="button"
            >
              <span
                className="sendbird-iconbutton__inner"
              >
                <div
                  className=" sendbird-icon sendbird-icon-color--content-inverse"
                  onClick={[Function]}
                  onKeyDown={[Function]}
                  role="button"
                  style={
                    Object {
                      "height": "24px",
                      "minHeight": "24px",
                      "minWidth": "24px",
                      "width": "24px",
                    }
                  }
                  tabIndex="0"
                >
                  <test-file-stub />
                </div>
              </span>
            </button>
          </div>
        </div>
        <span
          className="sendbird-user-message__sent-at sendbird-label sendbird-label--caption-3 sendbird-label--color-onbackground-2"
        >
          mock-date
        </span>
      </div>
    </div>
  </div>
</div>
`;
