// Jest Snapshot v1, https://goo.gl/fbAQLP

exports[`ui/OpenchannelUserMessage should do a snapshot test of the OpenchannelUserMessage DOM 1`] = `
<DocumentFragment>
  <div
    class=" sendbird-openchannel-user-message"
  >
    <div
      class="sendbird-openchannel-user-message__left"
    >
      <div
        class="sendbird-context-menu"
        style="display: inline;"
      >
        <div
          class="sendbird-openchannel-user-message__left__avatar sendbird-avatar"
          role="button"
          style="height: 28px; width: 28px; z-index: 0; left: 0px;"
          tabindex="0"
        >
          <div
            class="sendbird-avatar-img sendbird-image-renderer"
            style="width: 100%; min-width: min(400px, 28px); max-width: 400px;"
          >
            <div
              class="sendbird-image-renderer__image"
              style="width: 100%; min-width: min(400px, 28px); max-width: 400px; position: absolute; background-repeat: no-repeat; background-position: center; background-size: cover; background-image: url(https://static.sendbird.com/sample/profiles/profile_12_512px.png);"
            />
            <img
              alt=""
              class="sendbird-image-renderer__hidden-image-loader"
              src="https://static.sendbird.com/sample/profiles/profile_12_512px.png"
            />
          </div>
        </div>
      </div>
    </div>
    <div
      class="sendbird-openchannel-user-message__right"
    >
      <div
        class="sendbird-openchannel-user-message__right__top"
      >
        <span
          class="sendbird-openchannel-user-message__right__top__sender-name sendbird-label sendbird-label--caption-2 sendbird-label--color-onbackground-2"
        >
          Hoon Baek
        </span>
        <span
          class="sendbird-openchannel-user-message__right__top__sent-at sendbird-label sendbird-label--caption-3 sendbird-label--color-onbackground-3"
        >
          mock-date
        </span>
      </div>
      <div
        class="sendbird-openchannel-user-message__right__bottom"
      >
        <span
          class="sendbird-openchannel-user-message__right__bottom__message sendbird-label sendbird-label--body-1 sendbird-label--color-onbackground-1"
        >
          I am message
        </span>
      </div>
    </div>
    <div
      class="sendbird-openchannel-user-message__context-menu"
      style="top: 2px;"
    >
      <div
        class="sendbird-context-menu"
        style="display: inline;"
      >
        <button
          class="sendbird-openchannel-user-message__context-menu--icon sendbird-iconbutton "
          style="height: 32px; width: 32px;"
          type="button"
        >
          <span
            class="sendbird-iconbutton__inner"
          >
            <div
              class=" sendbird-icon sendbird-icon-more sendbird-icon-color--content-inverse"
              role="button"
              style="width: 24px; min-width: 24px; height: 24px; min-height: 24px;"
              tabindex="0"
            >
              <test-file-stub />
            </div>
          </span>
        </button>
      </div>
    </div>
  </div>
</DocumentFragment>
`;
