// Jest Snapshot v1, https://goo.gl/fbAQLP

exports[`ui/UserListItem should do a snapshot test of the UserListItem DOM 1`] = `
<DocumentFragment>
  <div
    class=" sendbird-user-list-item"
  >
    <div
      class="sendbird-context-menu"
      style="display: inline;"
    >
      <div
        class="sendbird-user-list-item__avatar sendbird-avatar"
        role="button"
        style="height: 40px; width: 40px; z-index: 0; left: 0px;"
        tabindex="0"
      >
        <div
          class="sendbird-avatar-img sendbird-image-renderer"
          style="width: 100%; min-width: min(400px, 40px); max-width: 400px;"
        >
          <div
            class="sendbird-image-renderer__image"
            style="width: 100%; min-width: min(400px, 40px); max-width: 400px; position: absolute; background-repeat: no-repeat; background-position: center; background-size: cover; background-image: url(https://static.sendbird.com/sample/profiles/profile_12_512px.png);"
          />
          <img
            alt=""
            class="sendbird-image-renderer__hidden-image-loader"
            src="https://static.sendbird.com/sample/profiles/profile_12_512px.png"
          />
        </div>
      </div>
    </div>
    <span
      class="sendbird-user-list-item__title sendbird-label sendbird-label--subtitle-1 sendbird-label--color-onbackground-1"
    >
      Topy
    </span>
    <label
      class="sendbird-user-list-item__checkbox"
      for="userid-1"
    >
      <label
        class="sendbird-checkbox "
        for="userid-1"
      >
        <input
          checked=""
          id="userid-1"
          type="checkbox"
        />
        <span
          class="sendbird-checkbox--checkmark "
        />
      </label>
    </label>
  </div>
</DocumentFragment>
`;
