// Jest Snapshot v1, https://goo.gl/fbAQLP

exports[`ui/Tooltip should do a snapshot test of the ReactedUsers DOM 1`] = `
<DocumentFragment>
  <div
    class="example-text sendbird-tooltip"
  >
    <span
      class="sendbird-tooltip__text sendbird-label sendbird-label--caption-2 sendbird-label--color-oncontent-1"
    >
      Sravan S, Hoon Baek, Chong Bu, Mickey, Leo Shin, Doo Rim, Tez Park, Harry Kim, and you
    </span>
  </div>
</DocumentFragment>
`;
