// Jest Snapshot v1, https://goo.gl/fbAQLP

exports[`ui/MessageSearchFileItem should do a snapshot test of the MessageSearchFileItem DOM 1`] = `
<DocumentFragment>
  <div
    class="example-text sendbird-message-search-file-item "
  >
    <div
      class="sendbird-message-search-file-item__left"
    >
      <div
        class="sendbird-message-search-file-item__left__sender-avatar sendbird-avatar"
        role="button"
        style="height: 56px; width: 56px; z-index: 0; left: 0px;"
        tabindex="0"
      >
        <div
          class="sendbird-avatar-img sendbird-image-renderer"
          style="width: 100%; min-width: min(400px, 56px); max-width: 400px;"
        >
          <div
            class="sendbird-image-renderer__image"
            style="width: 100%; min-width: min(400px, 56px); max-width: 400px; position: absolute; background-repeat: no-repeat; background-position: center; background-size: cover; background-image: url(https://static.sendbird.com/sample/profiles/profile_19_512px.png);"
          />
          <img
            alt="profile image"
            class="sendbird-image-renderer__hidden-image-loader"
            src="https://static.sendbird.com/sample/profiles/profile_19_512px.png"
          />
        </div>
      </div>
    </div>
    <div
      class="sendbird-message-search-file-item__right"
    >
      <span
        class="sendbird-message-search-file-item__right__sender-name sendbird-label sendbird-label--subtitle-2 sendbird-label--color-onbackground-1"
      >
        ME
      </span>
      <div
        class="sendbird-message-search-file-item__right__content"
      >
        <div
          class="sendbird-message-search-file-item__right__content__type-icon"
        >
          <div
            class=" sendbird-icon sendbird-icon-file-document sendbird-icon-color--primary"
            role="button"
            style="width: 18px; min-width: 18px; height: 18px; min-height: 18px;"
            tabindex="0"
          >
            <test-file-stub />
          </div>
        </div>
        <span
          class="sendbird-message-search-file-item__right__content__url sendbird-label sendbird-label--body-2 sendbird-label--color-onbackground-1"
        >
          72b35fef-acda-4e32-123323456789973567890dfvgbhnjmkiytdxbna0e4-37e1226b0615.test
        </span>
      </div>
    </div>
    <span
      class="sendbird-message-search-file-item__message-created-at sendbird-label sendbird-label--caption-3 sendbird-label--color-onbackground-2"
    >
      2020/1/23
    </span>
    <div
      class="sendbird-message-search-file-item__right-footer"
    />
  </div>
</DocumentFragment>
`;
