// Jest Snapshot v1, https://goo.gl/fbAQLP

exports[`EmojiReactions should do a snapshot test of the EmojiReactions DOM 1`] = `
<div
  className="example-text sendbird-emoji-reactions"
>
  <div
    className="sendbird-emoji-reactions--inner"
  >
    <div
      className="sendbird-emoji-reactions__emoji-reaction sendbird-tooltip-wrapper"
      onBlur={[Function]}
      onFocus={[Function]}
      onMouseOut={[Function]}
      onMouseOver={[Function]}
    >
      <div
        className="sendbird-tooltip-wrapper__children"
      >
        <div
          className=" sendbird-reaction-badge--selected"
          onClick={[Function]}
          onKeyDown={[Function]}
          role="button"
          tabIndex={0}
        >
          <div
            className="sendbird-reaction-badge__inner"
          >
            <div
              className="sendbird-reaction-badge__inner__icon"
            >
              <div
                className=" sendbird-image-renderer"
                style={
                  Object {
                    "height": "20px",
                    "maxWidth": "400px",
                    "minWidth": "20px",
                    "width": "100%",
                  }
                }
              >
                <div
                  className="sendbird-image-renderer__image"
                  style={
                    Object {
                      "backgroundImage": "url(https://static.sendbird.com/sample/profiles/profile_12_512px.png)",
                      "backgroundPosition": "center",
                      "backgroundRepeat": "no-repeat",
                      "backgroundSize": "cover",
                      "borderRadius": "50%",
                      "height": "20px",
                      "maxWidth": "400px",
                      "minWidth": "20px",
                      "position": "absolute",
                      "width": "100%",
                    }
                  }
                />
                <img
                  alt=""
                  className="sendbird-image-renderer__hidden-image-loader"
                  onError={[Function]}
                  onLoad={[Function]}
                  src="https://static.sendbird.com/sample/profiles/profile_12_512px.png"
                />
              </div>
            </div>
            <span
              className="sendbird-reaction-badge__inner__count sendbird-label sendbird-label--caption-3 sendbird-label--color-onbackground-1"
            >
              3
            </span>
          </div>
        </div>
      </div>
    </div>
    <div
      className="sendbird-context-menu"
      style={
        Object {
          "display": "inline",
        }
      }
    >
      <div
        className="sendbird-emoji-reactions__emoji-reaction-add sendbird-reaction-badge--is-add"
        onClick={[Function]}
        onKeyDown={[Function]}
        role="button"
        tabIndex={0}
      >
        <div
          className="sendbird-reaction-badge__inner"
        >
          <div
            className="sendbird-reaction-badge__inner__icon"
          >
            <div
              className=" sendbird-icon sendbird-icon-color--on-background-3"
              onClick={[Function]}
              onKeyDown={[Function]}
              role="button"
              style={
                Object {
                  "height": "20px",
                  "minHeight": "20px",
                  "minWidth": "20px",
                  "width": "20px",
                }
              }
              tabIndex="0"
            >
              <test-file-stub />
            </div>
          </div>
          <span
            className=" sendbird-label sendbird-label--caption-3 sendbird-label--color-onbackground-1"
          >
            
          </span>
        </div>
      </div>
    </div>
  </div>
</div>
`;
