// Jest Snapshot v1, https://goo.gl/fbAQLP

exports[`ui/OpenchannelConversationHeader should do a snapshot test of the OpenchannelConversationHeader DOM 1`] = `
<DocumentFragment>
  <div
    class="sendbird-openchannel-conversation-header"
  >
    <div
      class="sendbird-openchannel-conversation-header__left"
    >
      <div
        class="sendbird-openchannel-conversation-header__left__cover-image sendbird-avatar"
        role="button"
        style="height: 32px; width: 32px; z-index: 0; left: 0px;"
        tabindex="0"
      >
        <div
          class="sendbird-avatar-img sendbird-image-renderer"
          style="width: 100%; min-width: min(400px, 32px); max-width: 400px;"
        >
          <div
            class="sendbird-image-renderer__image"
            style="width: 100%; min-width: min(400px, 32px); max-width: 400px; position: absolute; background-repeat: no-repeat; background-position: center; background-size: cover; background-image: url(https://static.sendbird.com/sample/user_sdk/user_sdk_20.png);"
          />
          <img
            alt="channel cover image"
            class="sendbird-image-renderer__hidden-image-loader"
            src="https://static.sendbird.com/sample/user_sdk/user_sdk_20.png"
          />
        </div>
      </div>
      <span
        class="sendbird-openchannel-conversation-header__left__title sendbird-label sendbird-label--h-2 sendbird-label--color-onbackground-1"
      >
        Open Channel Title
      </span>
      <span
        class="sendbird-openchannel-conversation-header__left__sub-title sendbird-label sendbird-label--body-2 sendbird-label--color-onbackground-2"
      >
        Open Channel Subtitle
      </span>
    </div>
    <div
      class="sendbird-openchannel-conversation-header__right"
    >
      <button
        class="sendbird-openchannel-conversation-header__right__trigger sendbird-iconbutton "
        style="height: 32px; width: 32px;"
        type="button"
      >
        <span
          class="sendbird-iconbutton__inner"
        >
          <div
            class=" sendbird-icon sendbird-icon-members sendbird-icon-color--primary"
            role="button"
            style="width: 24px; min-width: 24px; height: 24px; min-height: 24px;"
            tabindex="0"
          >
            <test-file-stub />
          </div>
        </span>
      </button>
    </div>
  </div>
</DocumentFragment>
`;
