// Jest Snapshot v1, https://goo.gl/fbAQLP

exports[`ReactionBadge should do a snapshot test of the ReactionBadge DOM 1`] = `
<DocumentFragment>
  <div
    class="example-text sendbird-reaction-badge"
    role="button"
    tabindex="0"
  >
    <div
      class="sendbird-reaction-badge__inner"
    >
      <div
        class="sendbird-reaction-badge__inner__icon"
      >
        <div
          class=" sendbird-icon sendbird-icon-create "
          role="button"
          style="width: 20px; min-width: 20px; height: 20px; min-height: 20px;"
          tabindex="0"
        >
          <test-file-stub />
        </div>
      </div>
      <span
        class="sendbird-reaction-badge__inner__count sendbird-label sendbird-label--caption-3 sendbird-label--color-onbackground-1"
      >
        +99
      </span>
    </div>
  </div>
</DocumentFragment>
`;
