// Jest Snapshot v1, https://goo.gl/fbAQLP

exports[`ui/ProgressBar should do a snapshot test of the PlaceHolder DOM 1`] = `
<DocumentFragment>
  <div
    class="sendbird-progress-bar example-text progress-bar-color--primary"
  >
    <div
      class="sendbird-progress-bar__fill"
    />
  </div>
</DocumentFragment>
`;
