// Jest Snapshot v1, https://goo.gl/fbAQLP

exports[`ui/Input should do a snapshot test of the Input DOM 1`] = `
<DocumentFragment>
  <div
    class="sendbird-input"
  >
    <input
      class="sendbird-input__input"
      name="name"
      value="value"
    />
  </div>
</DocumentFragment>
`;
