// Jest Snapshot v1, https://goo.gl/fbAQLP

exports[`FileMessage should do a snapshot test of the FileMessage DOM 1`] = `
<div
  className="sendbird-file-message__outgoing"
  style={
    Object {
      "paddingBottom": "8px",
      "paddingTop": "8px",
    }
  }
>
  <div
    className="sendbird-file-message__outgoing--inner"
  >
    <div
      className="sendbird-file-message__outgoing__left-padding"
    >
      <div
        className="sendbird-file-message__outgoing__left-padding__more"
      >
        <div
          className="sendbird-context-menu"
          style={
            Object {
              "display": "inline",
            }
          }
        >
          <button
            className=" sendbird-iconbutton "
            disabled={false}
            onBlur={[Function]}
            onClick={[Function]}
            style={
              Object {
                "height": "32px",
                "width": "32px",
              }
            }
            type="button"
          >
            <span
              className="sendbird-iconbutton__inner"
            >
              <div
                className=" sendbird-icon sendbird-icon-color--content-inverse"
                onClick={[Function]}
                onKeyDown={[Function]}
                role="button"
                style={
                  Object {
                    "height": "24px",
                    "minHeight": "24px",
                    "minWidth": "24px",
                    "width": "24px",
                  }
                }
                tabIndex="0"
              >
                <test-file-stub />
              </div>
            </span>
          </button>
        </div>
      </div>
      <div
        className="sendbird-file-message__outgoing__left-padding__status"
      >
        <div
          className=" sendbird-message-status"
        >
          <div
            className="sendbird-message-status__icon sendbird-icon sendbird-icon-color--sent"
            onClick={[Function]}
            onKeyDown={[Function]}
            role="button"
            style={
              Object {
                "height": "16px",
                "minHeight": "16px",
                "minWidth": "16px",
                "width": "16px",
              }
            }
            tabIndex="0"
          >
            <test-file-stub />
          </div>
          <span
            className="sendbird-message-status__text sendbird-label sendbird-label--caption-3 sendbird-label--color-onbackground-2"
          >
            mock-date
          </span>
        </div>
      </div>
    </div>
    <div
      className="sendbird-file-message__outgoing__tooltip"
    >
      <div
        className="sendbird-file-message__outgoing__tooltip__inner"
      >
        <div
          className="sendbird-file-message__outgoing__tooltip__icon-box"
        >
          <div
            className="sendbird-file-message__outgoing__tooltip__icon-box__icon sendbird-icon sendbird-icon-color--primary"
            onClick={[Function]}
            onKeyDown={[Function]}
            role="button"
            style={
              Object {
                "height": "24px",
                "minHeight": "24px",
                "minWidth": "24px",
                "width": "24px",
              }
            }
            tabIndex="0"
          >
            <test-file-stub />
          </div>
        </div>
        <div
          className="sendbird-file-message__outgoing__tooltip__text sendbird-color--oncontent-1 sendbird-textbutton "
          onClick={[Function]}
          onKeyPress={[Function]}
          role="button"
          tabIndex={0}
        >
          <span
            className="sendbird-label sendbird-label--body-1 sendbird-label--color-oncontent-1"
          >
            72b35fef-acda-4e32-...4-37e1226b0615.mp3
          </span>
        </div>
      </div>
    </div>
  </div>
</div>
`;
