// Jest Snapshot v1, https://goo.gl/fbAQLP

exports[`ui/DateSeparator should do a snapshot test of the DateSeparator DOM 1`] = `
<DocumentFragment>
  <div
    class="example-classname sendbird-separator"
  >
    <div
      class="sendbird-separator__left sendbird-color--onbackground-4--background-color"
    />
    <div
      class="sendbird-separator__text"
    >
      <span
        class="sendbird-label sendbird-label--caption-2 sendbird-label--color-onbackground-2"
      >
        Date Separator
      </span>
    </div>
    <div
      class="sendbird-separator__right sendbird-color--onbackground-4--background-color"
    />
  </div>
</DocumentFragment>
`;
