// Jest Snapshot v1, https://goo.gl/fbAQLP

exports[`ui/MessageContent should do a snapshot test of the MessageContent DOM 1`] = `
<DocumentFragment>
  <div
    class="classname-for-snapshot sendbird-message-content incoming"
  >
    <div
      class="sendbird-message-content__left  incoming "
    >
      <div
        class="sendbird-context-menu"
        style="display: inline;"
      >
        <div
          class="sendbird-message-content__left__avatar  sendbird-avatar"
          role="button"
          style="height: 28px; width: 28px; z-index: 0; left: 0px;"
          tabindex="0"
        >
          <div
            class="sendbird-avatar-img sendbird-image-renderer"
            style="width: 100%; min-width: min(400px, 28px); max-width: 400px;"
          >
            <div
              class="sendbird-image-renderer__image"
              style="width: 100%; min-width: min(400px, 28px); max-width: 400px; position: absolute; background-repeat: no-repeat; background-position: center; background-size: cover; background-image: url();"
            />
            <img
              alt=""
              class="sendbird-image-renderer__hidden-image-loader"
              src=""
            />
          </div>
        </div>
      </div>
    </div>
    <div
      class="sendbird-message-content__middle"
    >
      <span
        class="sendbird-message-content__middle__sender-name sendbird-label sendbird-label--caption-2 sendbird-label--color-onbackground-2"
      >
        Mathew
      </span>
      <div
        class="sendbird-message-content__middle__body-container"
      >
        <span
          class="sendbird-label sendbird-label--body-1 sendbird-label--color-onbackground-1"
        >
          <div
            class="sendbird-message-content__middle__message-item-body sendbird-text-message-item-body incoming  "
          >
            First second third
          </div>
        </span>
        <span
          class="sendbird-message-content__middle__body-container__created-at right  sendbird-label sendbird-label--caption-3 sendbird-label--color-onbackground-2"
        >
          mock-date
        </span>
      </div>
    </div>
    <div
      class="sendbird-message-content__right   "
    >
      <div
        class="sendbird-message-content-menu   incoming"
      >
        <div
          class="sendbird-message-content-menu__normal-menu sendbird-message-item-menu"
        >
          <div
            class="sendbird-context-menu"
            style="display: inline;"
          >
            <button
              class="sendbird-message-item-menu__trigger sendbird-iconbutton "
              style="height: 32px; width: 32px;"
              type="button"
            >
              <span
                class="sendbird-iconbutton__inner"
              >
                <div
                  class="sendbird-message-item-menu__trigger__icon sendbird-icon sendbird-icon-more sendbird-icon-color--content-inverse"
                  role="button"
                  style="width: 24px; min-width: 24px; height: 24px; min-height: 24px;"
                  tabindex="0"
                >
                  <test-file-stub />
                </div>
              </span>
            </button>
          </div>
        </div>
      </div>
    </div>
  </div>
</DocumentFragment>
`;
