// Jest Snapshot v1, https://goo.gl/fbAQLP

exports[`ui/OpenchannelOGMessage should do a snapshot test of the OpenchannelOGMessage DOM 1`] = `
<DocumentFragment>
  <div
    class=" sendbird-openchannel-og-message"
  >
    <div
      class="sendbird-openchannel-og-message__top"
    >
      <div
        class="sendbird-openchannel-og-message__top__left"
      >
        <div
          class="sendbird-context-menu"
          style="display: inline;"
        >
          <div
            class="sendbird-openchannel-og-message__top__left__avatar sendbird-avatar"
            role="button"
            style="height: 28px; width: 28px; z-index: 0; left: 0px;"
            tabindex="0"
          >
            <div
              class="sendbird-avatar-img sendbird-image-renderer"
              style="width: 100%; min-width: min(400px, 28px); max-width: 400px;"
            >
              <div
                class="sendbird-image-renderer__image"
                style="width: 100%; min-width: min(400px, 28px); max-width: 400px; position: absolute; background-repeat: no-repeat; background-position: center; background-size: cover; background-image: url(https://static.sendbird.com/sample/profiles/profile_12_512px.png);"
              />
              <img
                alt=""
                class="sendbird-image-renderer__hidden-image-loader"
                src="https://static.sendbird.com/sample/profiles/profile_12_512px.png"
              />
            </div>
          </div>
        </div>
      </div>
      <div
        class="sendbird-openchannel-og-message__top__right"
      >
        <div
          class="sendbird-openchannel-og-message__top__right__title"
        >
          <span
            class="sendbird-openchannel-og-message__top__right__title__sender-name sendbird-label sendbird-label--caption-2 sendbird-label--color-onbackground-2"
          >
            Hoon Baek
          </span>
          <span
            class="sendbird-openchannel-og-message__top__right__title__sent-at sendbird-label sendbird-label--caption-3 sendbird-label--color-onbackground-3"
          >
            mock-date
          </span>
        </div>
        <div
          class="sendbird-openchannel-og-message__top__right__description"
        >
          <span
            class="sendbird-openchannel-og-message__top__right__description__message sendbird-label sendbird-label--body-1 sendbird-label--color-onbackground-1"
          >
            I am the Message
          </span>
        </div>
      </div>
      <div
        class="sendbird-openchannel-og-message__top__context-menu"
        style="top: 2px;"
      >
        <div
          class="sendbird-context-menu"
          style="display: inline;"
        >
          <button
            class="sendbird-openchannel-og-message__top__context-menu--icon sendbird-iconbutton "
            style="height: 32px; width: 32px;"
            type="button"
          >
            <span
              class="sendbird-iconbutton__inner"
            >
              <div
                class=" sendbird-icon sendbird-icon-more sendbird-icon-color--content-inverse"
                role="button"
                style="width: 24px; min-width: 24px; height: 24px; min-height: 24px;"
                tabindex="0"
              >
                <test-file-stub />
              </div>
            </span>
          </button>
        </div>
      </div>
    </div>
    <div
      class="sendbird-openchannel-og-message__bottom"
    >
      <div
        class="sendbird-openchannel-og-message__bottom__og-tag"
      >
        <span
          class="sendbird-openchannel-og-message__bottom__og-tag__url sendbird-label sendbird-label--caption-3 sendbird-label--color-onbackground-2"
        >
          https://sendbird.com/
        </span>
        <a
          class="sendbird-openchannel-og-message__bottom__og-tag__title sendbird-link-label sendbird-label--color-primary"
          href="https://sendbird.com/"
          rel="noopener noreferrer"
          target="_blank"
        >
          <span
            class="sendbird-link-label__label sendbird-label sendbird-label--subtitle-2 sendbird-label--color-primary"
          >
            This is the TITLE
          </span>
        </a>
        <span
          class="sendbird-openchannel-og-message__bottom__og-tag__description sendbird-label sendbird-label--body-2 sendbird-label--color-onbackground-1"
        >
          I am description I am who has much string in this og meta data
        </span>
        <div
          class="sendbird-openchannel-og-message__bottom__og-tag__thumbnail"
          role="button"
          tabindex="0"
        >
          <div
            class="sendbird-openchannel-og-message__bottom__og-tag__thumbnail__image sendbird-image-renderer"
            style="width: 100%; min-width: min(400px, 400px); max-width: 400px;"
          >
            <div
              class="sendbird-image-renderer__image"
              style="width: 100%; min-width: min(400px, 400px); max-width: 400px; position: absolute; background-repeat: no-repeat; background-position: center; background-size: cover; background-image: url(https://static.sendbird.com/sample/profiles/profile_12_512px.png);"
            />
            <img
              alt="test"
              class="sendbird-image-renderer__hidden-image-loader"
              src="https://static.sendbird.com/sample/profiles/profile_12_512px.png"
            />
          </div>
        </div>
      </div>
    </div>
  </div>
</DocumentFragment>
`;
