// Jest Snapshot v1, https://goo.gl/fbAQLP

exports[`OpenChannelAdminMessage should do a snapshot test of the OpenChannelAdminMessage DOM 1`] = `
<DocumentFragment>
  <div
    class=" sendbird-openchannel-admin-message"
  >
    <span
      class="sendbird-openchannel-admin-message__text sendbird-label sendbird-label--caption-2 sendbird-label--color-onbackground-2"
    >
      Hello I am Admin
    </span>
  </div>
</DocumentFragment>
`;
