// Jest Snapshot v1, https://goo.gl/fbAQLP

exports[`ui/FileMessageItemBody should do a snapshot test of the FileMessageItemBody DOM 1`] = `
<DocumentFragment>
  <div
    class="classname-for-snapshot sendbird-file-message-item-body outgoing mouse-hover "
  >
    <div
      class="sendbird-file-message-item-body__file-icon"
    >
      <div
        class="sendbird-file-message-item-body__file-icon__icon sendbird-icon sendbird-icon-photo sendbird-icon-color--primary"
        role="button"
        style="width: 24px; min-width: 24px; height: 24px; min-height: 24px;"
        tabindex="0"
      >
        <test-file-stub />
      </div>
    </div>
    <div
      class="sendbird-file-message-item-body__file-name sendbird-color--oncontent-1 sendbird-textbutton "
      role="button"
      tabindex="0"
    >
      <span
        class="sendbird-file-message-item-body__file-name__text sendbird-label sendbird-label--body-1 sendbird-label--color-oncontent-1"
      >
        My name is name
      </span>
    </div>
  </div>
</DocumentFragment>
`;
