// Jest Snapshot v1, https://goo.gl/fbAQLP

exports[`Word should do a snapshot test of the Word DOM 1`] = `
<span
  className="sendbird-word"
>
  hello
  <div
    className="sendbird-context-menu"
    style={
      Object {
        "display": "inline",
      }
    }
  >
    <a
      className="
            sendbird-word__mention
            
          "
      onClick={[Function]}
    >
      <span
        className="sendbird-label sendbird-label--caption-1 sendbird-label--color-onbackground-1"
      >
        @Hoon Baek
      </span>
    </a>
  </div>
</span>
`;
