// Jest Snapshot v1, https://goo.gl/fbAQLP

exports[`UnknownMessage should do a snapshot test of the UnknownMessage DOM 1`] = `
<div
  className="example-text sendbird-unknown-message sendbird-unknown-message--incoming"
>
  <div
    className="sendbird-incoming-unknown-message"
    style={
      Object {
        "paddingBottom": "8px",
        "paddingTop": "8px",
      }
    }
  >
    <div
      className="sendbird-incoming-unknown-message--inner"
    >
      <div
        className="sendbird-incoming-unknown-message__left"
      >
        <div
          className="sendbird-context-menu"
          style={
            Object {
              "display": "inline",
            }
          }
        >
          <div
            className="sendbird-incoming-unknown-message__left__sender-profile-image sendbird-avatar"
            onClick={[Function]}
            onKeyDown={[Function]}
            role="button"
            style={
              Object {
                "height": "28px",
                "width": "28px",
              }
            }
            tabIndex={0}
          >
            <div
              className="sendbird-avatar-img sendbird-image-renderer"
              style={
                Object {
                  "height": "28px",
                  "maxWidth": "400px",
                  "minWidth": "28px",
                  "width": "100%",
                }
              }
            >
              <div
                className="sendbird-image-renderer__image"
                style={
                  Object {
                    "backgroundImage": "url(https://static.sendbird.com/sample/profiles/profile_33_512px.png)",
                    "backgroundPosition": "center",
                    "backgroundRepeat": "no-repeat",
                    "backgroundSize": "cover",
                    "borderRadius": null,
                    "height": "28px",
                    "maxWidth": "400px",
                    "minWidth": "28px",
                    "position": "absolute",
                    "width": "100%",
                  }
                }
              />
              <img
                alt="sender-profile-image"
                className="sendbird-image-renderer__hidden-image-loader"
                onError={[Function]}
                onLoad={[Function]}
                src="https://static.sendbird.com/sample/profiles/profile_33_512px.png"
              />
            </div>
          </div>
        </div>
      </div>
      <div
        className="sendbird-incoming-unknown-message__body"
      >
        <span
          className="sendbird-incoming-unknown-message__body__sender-name sendbird-label sendbird-label--caption-2 sendbird-label--color-onbackground-2"
        >
          Sravan
        </span>
        <div
          className="sendbird-incoming-unknown-message__body__text-balloon"
        >
          <span
            className="sendbird-incoming-unknown-message__body__text-balloon__header sendbird-label sendbird-label--body-1 sendbird-label--color-onbackground-1"
          >
            (Unknown message type)
          </span>
          <span
            className="sendbird-incoming-unknown-message__body__text-balloon__description sendbird-label sendbird-label--body-1 sendbird-label--color-onbackground-2"
          >
            Cannot read this message.
          </span>
        </div>
      </div>
      <div
        className="sendbird-incoming-unknown-message--right-padding"
      >
        <span
          className="sendbird-incoming-unknown-message__sent-at sendbird-label sendbird-label--caption-3 sendbird-label--color-onbackground-2"
        >
          mock-date
        </span>
      </div>
    </div>
  </div>
</div>
`;
