// Jest Snapshot v1, https://goo.gl/fbAQLP

exports[`Badge should do a snapshot test of the Badge DOM 1`] = `
<div
  className=" sendbird-badge"
>
  <div
    className="sendbird-badge__text"
  >
    <span
      className="sendbird-label sendbird-label--caption-2 sendbird-label--color-oncontent-1"
    >
      1
    </span>
  </div>
</div>
`;
